// Jest Snapshot v1, https://goo.gl/fbAQLP

exports[`<CharacterCard /> should match snapshot 1`] = `
.c3 {
  color: #4E5B6E;
  margin: 0;
  font-weight: bold;
}

.c4 {
  color: #4BD5EE;
}

.c2 {
  height: 300px;
  object-fit: cover;
  width: 100%;
  margin-bottom: 5px;
}

.c0 {
  background-color: #FFF;
  padding: 10px 30px;
  margin-left: 15px;
  border-radius: 5px;
}

.c1 {
  text-align: center;
  color: #4BD5EE;
  font-weight: bold;
}

<div>
  <div
    class="c0"
  >
    <h4
      class="c1"
    >
      testname
    </h4>
    <img
      class="c2"
      src="test imageSrc"
    />
    <p
      class="c3"
    >
      Height
      : 
      <span
        class="c4"
      >
        test height
      </span>
    </p>
    <p
      class="c3"
    >
      Weight
      : 
      <span
        class="c4"
      >
        test weight
      </span>
    </p>
    <p
      class="c3"
    >
      Species
      : 
      <span
        class="c4"
      >
        test species
      </span>
    </p>
    <p
      class="c3"
    >
      Home World
      : 
      <span
        class="c4"
      >
        test home world
      </span>
    </p>
  </div>
</div>
`;
